Archive member included to satisfy reference by file (symbol)

c:/program files (x86)/atollic/truestudio for stm32 9.3.0/armtools/bin/../lib/gcc/arm-atollic-eabi/6.3.1/../../../../arm-atollic-eabi/lib/armv7e-m/fpu\libc_nano.a(lib_a-errno.o)
                              Core\Src\syscalls.o (__errno)
c:/program files (x86)/atollic/truestudio for stm32 9.3.0/armtools/bin/../lib/gcc/arm-atollic-eabi/6.3.1/../../../../arm-atollic-eabi/lib/armv7e-m/fpu\libc_nano.a(lib_a-impure.o)
                              c:/program files (x86)/atollic/truestudio for stm32 9.3.0/armtools/bin/../lib/gcc/arm-atollic-eabi/6.3.1/../../../../arm-atollic-eabi/lib/armv7e-m/fpu\libc_nano.a(lib_a-errno.o) (_impure_ptr)
c:/program files (x86)/atollic/truestudio for stm32 9.3.0/armtools/bin/../lib/gcc/arm-atollic-eabi/6.3.1/../../../../arm-atollic-eabi/lib/armv7e-m/fpu\libc_nano.a(lib_a-init.o)
                              startup\startup_stm32f401xc.o (__libc_init_array)
c:/program files (x86)/atollic/truestudio for stm32 9.3.0/armtools/bin/../lib/gcc/arm-atollic-eabi/6.3.1/../../../../arm-atollic-eabi/lib/armv7e-m/fpu\libc_nano.a(lib_a-locale.o)
                              dbg\hexdump\hexdump.o (__locale_ctype_ptr)
c:/program files (x86)/atollic/truestudio for stm32 9.3.0/armtools/bin/../lib/gcc/arm-atollic-eabi/6.3.1/../../../../arm-atollic-eabi/lib/armv7e-m/fpu\libc_nano.a(lib_a-mbtowc_r.o)
                              c:/program files (x86)/atollic/truestudio for stm32 9.3.0/armtools/bin/../lib/gcc/arm-atollic-eabi/6.3.1/../../../../arm-atollic-eabi/lib/armv7e-m/fpu\libc_nano.a(lib_a-locale.o) (__ascii_mbtowc)
c:/program files (x86)/atollic/truestudio for stm32 9.3.0/armtools/bin/../lib/gcc/arm-atollic-eabi/6.3.1/../../../../arm-atollic-eabi/lib/armv7e-m/fpu\libc_nano.a(lib_a-memset.o)
                              Core\Src\main.o (memset)
c:/program files (x86)/atollic/truestudio for stm32 9.3.0/armtools/bin/../lib/gcc/arm-atollic-eabi/6.3.1/../../../../arm-atollic-eabi/lib/armv7e-m/fpu\libc_nano.a(lib_a-strcmp.o)
                              c:/program files (x86)/atollic/truestudio for stm32 9.3.0/armtools/bin/../lib/gcc/arm-atollic-eabi/6.3.1/../../../../arm-atollic-eabi/lib/armv7e-m/fpu\libc_nano.a(lib_a-locale.o) (strcmp)
c:/program files (x86)/atollic/truestudio for stm32 9.3.0/armtools/bin/../lib/gcc/arm-atollic-eabi/6.3.1/../../../../arm-atollic-eabi/lib/armv7e-m/fpu\libc_nano.a(lib_a-wctomb_r.o)
                              c:/program files (x86)/atollic/truestudio for stm32 9.3.0/armtools/bin/../lib/gcc/arm-atollic-eabi/6.3.1/../../../../arm-atollic-eabi/lib/armv7e-m/fpu\libc_nano.a(lib_a-locale.o) (__ascii_wctomb)
c:/program files (x86)/atollic/truestudio for stm32 9.3.0/armtools/bin/../lib/gcc/arm-atollic-eabi/6.3.1/../../../../arm-atollic-eabi/lib/armv7e-m/fpu\libc_nano.a(lib_a-ctype_.o)
                              c:/program files (x86)/atollic/truestudio for stm32 9.3.0/armtools/bin/../lib/gcc/arm-atollic-eabi/6.3.1/../../../../arm-atollic-eabi/lib/armv7e-m/fpu\libc_nano.a(lib_a-locale.o) (_ctype_)
c:/program files (x86)/atollic/truestudio for stm32 9.3.0/armtools/bin/../lib/gcc/arm-atollic-eabi/6.3.1/armv7e-m/fpu\libgcc.a(_arm_addsubdf3.o)
                              dbg\printf\printf.o (__aeabi_dsub)
c:/program files (x86)/atollic/truestudio for stm32 9.3.0/armtools/bin/../lib/gcc/arm-atollic-eabi/6.3.1/armv7e-m/fpu\libgcc.a(_arm_muldivdf3.o)
                              dbg\printf\printf.o (__aeabi_dmul)
c:/program files (x86)/atollic/truestudio for stm32 9.3.0/armtools/bin/../lib/gcc/arm-atollic-eabi/6.3.1/armv7e-m/fpu\libgcc.a(_arm_cmpdf2.o)
                              dbg\printf\printf.o (__aeabi_dcmpeq)
c:/program files (x86)/atollic/truestudio for stm32 9.3.0/armtools/bin/../lib/gcc/arm-atollic-eabi/6.3.1/armv7e-m/fpu\libgcc.a(_arm_fixdfsi.o)
                              dbg\printf\printf.o (__aeabi_d2iz)
c:/program files (x86)/atollic/truestudio for stm32 9.3.0/armtools/bin/../lib/gcc/arm-atollic-eabi/6.3.1/armv7e-m/fpu\libgcc.a(_arm_fixunsdfsi.o)
                              dbg\printf\printf.o (__aeabi_d2uiz)
c:/program files (x86)/atollic/truestudio for stm32 9.3.0/armtools/bin/../lib/gcc/arm-atollic-eabi/6.3.1/armv7e-m/fpu\libgcc.a(_aeabi_uldivmod.o)
                              Drivers\STM32F4xx_HAL_Driver\Src\stm32f4xx_hal_rcc.o (__aeabi_uldivmod)
c:/program files (x86)/atollic/truestudio for stm32 9.3.0/armtools/bin/../lib/gcc/arm-atollic-eabi/6.3.1/armv7e-m/fpu\libgcc.a(_udivmoddi4.o)
                              c:/program files (x86)/atollic/truestudio for stm32 9.3.0/armtools/bin/../lib/gcc/arm-atollic-eabi/6.3.1/armv7e-m/fpu\libgcc.a(_aeabi_uldivmod.o) (__udivmoddi4)
c:/program files (x86)/atollic/truestudio for stm32 9.3.0/armtools/bin/../lib/gcc/arm-atollic-eabi/6.3.1/armv7e-m/fpu\libgcc.a(_dvmd_tls.o)
[...]
Memory Configuration

Name             Origin             Length             Attributes
RAM              0x20000000         0x00010000         xrw
FLASH            0x08000000         0x00020000         xr
*default*        0x00000000         0xffffffff

Linker script and memory map

LOAD c:/program files (x86)/atollic/truestudio for stm32 9.3.0/armtools/bin/../lib/gcc/arm-atollic-eabi/6.3.1/armv7e-m/fpu/crti.o
LOAD c:/program files (x86)/atollic/truestudio for stm32 9.3.0/armtools/bin/../lib/gcc/arm-atollic-eabi/6.3.1/armv7e-m/fpu/crtbegin.o
LOAD Core\Src\gpio.o
LOAD Core\Src\main.o
LOAD Core\Src\spi.o
LOAD Core\Src\stm32f4xx_hal_msp.o
LOAD Core\Src\stm32f4xx_it.o
LOAD Core\Src\syscalls.o
LOAD Core\Src\system_stm32f4xx.o
LOAD Core\Src\usart.o
LOAD Drivers\STM32F4xx_HAL_Driver\Src\stm32f4xx_hal.o
LOAD Drivers\STM32F4xx_HAL_Driver\Src\stm32f4xx_hal_cortex.o
LOAD Drivers\STM32F4xx_HAL_Driver\Src\stm32f4xx_hal_dma.o
LOAD Drivers\STM32F4xx_HAL_Driver\Src\stm32f4xx_hal_dma_ex.o
LOAD Drivers\STM32F4xx_HAL_Driver\Src\stm32f4xx_hal_exti.o
LOAD Drivers\STM32F4xx_HAL_Driver\Src\stm32f4xx_hal_flash.o
LOAD Drivers\STM32F4xx_HAL_Driver\Src\stm32f4xx_hal_flash_ex.o
LOAD Drivers\STM32F4xx_HAL_Driver\Src\stm32f4xx_hal_flash_ramfunc.o
LOAD Drivers\STM32F4xx_HAL_Driver\Src\stm32f4xx_hal_gpio.o
LOAD Drivers\STM32F4xx_HAL_Driver\Src\stm32f4xx_hal_pwr.o
LOAD Drivers\STM32F4xx_HAL_Driver\Src\stm32f4xx_hal_pwr_ex.o
LOAD Drivers\STM32F4xx_HAL_Driver\Src\stm32f4xx_hal_rcc.o
LOAD Drivers\STM32F4xx_HAL_Driver\Src\stm32f4xx_hal_rcc_ex.o
LOAD Drivers\STM32F4xx_HAL_Driver\Src\stm32f4xx_hal_spi.o
LOAD Drivers\STM32F4xx_HAL_Driver\Src\stm32f4xx_hal_tim.o
LOAD Drivers\STM32F4xx_HAL_Driver\Src\stm32f4xx_hal_tim_ex.o
LOAD Drivers\STM32F4xx_HAL_Driver\Src\stm32f4xx_hal_uart.o
LOAD PCF2123\PCF2123.o
LOAD dbg\DBG.o
LOAD dbg\hexdump\hexdump.o
LOAD dbg\printf\printf.o
LOAD startup\startup_stm32f401xc.o
                0x00000080                malloc_getpagesize_P = 0x80
START GROUP
LOAD c:/program files (x86)/atollic/truestudio for stm32 9.3.0/armtools/bin/../lib/gcc/arm-atollic-eabi/6.3.1/../../../../arm-atollic-eabi/lib/armv7e-m/fpu\libc_nano.a
LOAD c:/program files (x86)/atollic/truestudio for stm32 9.3.0/armtools/bin/../lib/gcc/arm-atollic-eabi/6.3.1/../../../../arm-atollic-eabi/lib/armv7e-m/fpu\libm.a
END GROUP
START GROUP
LOAD c:/program files (x86)/atollic/truestudio for stm32 9.3.0/armtools/bin/../lib/gcc/arm-atollic-eabi/6.3.1/armv7e-m/fpu\libgcc.a
LOAD c:/program files (x86)/atollic/truestudio for stm32 9.3.0/armtools/bin/../lib/gcc/arm-atollic-eabi/6.3.1/../../../../arm-atollic-eabi/lib/armv7e-m/fpu\libc_nano.a
END GROUP
START GROUP
LOAD c:/program files (x86)/atollic/truestudio for stm32 9.3.0/armtools/bin/../lib/gcc/arm-atollic-eabi/6.3.1/armv7e-m/fpu\libgcc.a
LOAD c:/program files (x86)/atollic/truestudio for stm32 9.3.0/armtools/bin/../lib/gcc/arm-atollic-eabi/6.3.1/../../../../arm-atollic-eabi/lib/armv7e-m/fpu\libc_nano.a
LOAD c:/program files (x86)/atollic/truestudio for stm32 9.3.0/armtools/bin/../lib/gcc/arm-atollic-eabi/6.3.1/../../../../arm-atollic-eabi/lib/armv7e-m/fpu\libnosys.a
END GROUP
START GROUP
LOAD c:/program files (x86)/atollic/truestudio for stm32 9.3.0/armtools/bin/../lib/gcc/arm-atollic-eabi/6.3.1/armv7e-m/fpu\libgcc.a
LOAD c:/program files (x86)/atollic/truestudio for stm32 9.3.0/armtools/bin/../lib/gcc/arm-atollic-eabi/6.3.1/../../../../arm-atollic-eabi/lib/armv7e-m/fpu\libc_nano.a
LOAD c:/program files (x86)/atollic/truestudio for stm32 9.3.0/armtools/bin/../lib/gcc/arm-atollic-eabi/6.3.1/../../../../arm-atollic-eabi/lib/armv7e-m/fpu\libnosys.a
END GROUP
LOAD c:/program files (x86)/atollic/truestudio for stm32 9.3.0/armtools/bin/../lib/gcc/arm-atollic-eabi/6.3.1/armv7e-m/fpu/crtend.o
LOAD c:/program files (x86)/atollic/truestudio for stm32 9.3.0/armtools/bin/../lib/gcc/arm-atollic-eabi/6.3.1/armv7e-m/fpu/crtn.o
                0x20010000                _estack = 0x20010000
                0x00000200                _Min_Heap_Size = 0x200
                0x00000400                _Min_Stack_Size = 0x400

.isr_vector     0x08000000      0x194
                0x08000000                . = ALIGN (0x4)
 *(.isr_vector)
 .isr_vector    0x08000000      0x194 startup\startup_stm32f401xc.o
                0x08000000                g_pfnVectors
                0x08000194                . = ALIGN (0x4)

.text           0x08000198     0x5194
                0x08000198                . = ALIGN (0x4)
 *(.text)
 .text          0x08000198       0x40 c:/program files (x86)/atollic/truestudio for stm32 9.3.0/armtools/bin/../lib/gcc/arm-atollic-eabi/6.3.1/armv7e-m/fpu/crtbegin.o
 .text          0x080001d8      0x370 c:/program files (x86)/atollic/truestudio for stm32 9.3.0/armtools/bin/../lib/gcc/arm-atollic-eabi/6.3.1/armv7e-m/fpu\libgcc.a(_arm_addsubdf3.o)
                0x080001d8                __aeabi_drsub
                0x080001e0                __aeabi_dsub
                0x080001e0                __subdf3
                0x080001e4                __aeabi_dadd
                0x080001e4                __adddf3
                0x0800045c                __floatunsidf
                0x0800045c                __aeabi_ui2d
                0x0800047c                __floatsidf
                0x0800047c                __aeabi_i2d
                0x080004a0                __aeabi_f2d
                0x080004a0                __extendsfdf2
                0x080004dc                __floatundidf
                0x080004dc                __aeabi_ul2d
                0x080004ec                __floatdidf
                0x080004ec                __aeabi_l2d
 .text          0x08000548      0x424 c:/program files (x86)/atollic/truestudio for stm32 9.3.0/armtools/bin/../lib/gcc/arm-atollic-eabi/6.3.1/armv7e-m/fpu\libgcc.a(_arm_muldivdf3.o)
                0x08000548                __aeabi_dmul
                0x08000548                __muldf3
                0x0800079c                __divdf3
                0x0800079c                __aeabi_ddiv
 .text          0x0800096c      0x110 c:/program files (x86)/atollic/truestudio for stm32 9.3.0/armtools/bin/../lib/gcc/arm-atollic-eabi/6.3.1/armv7e-m/fpu\libgcc.a(_arm_cmpdf2.o)
                0x0800096c                __gtdf2
                0x0800096c                __gedf2
                0x08000974                __ltdf2
                0x08000974                __ledf2
                0x0800097c                __nedf2
                0x0800097c                __eqdf2
                0x0800097c                __cmpdf2
                0x080009f8                __aeabi_cdrcmple
                0x08000a08                __aeabi_cdcmpeq
                0x08000a08                __aeabi_cdcmple
                0x08000a18                __aeabi_dcmpeq
                0x08000a2c                __aeabi_dcmplt
                0x08000a40                __aeabi_dcmple
                0x08000a54                __aeabi_dcmpge
                0x08000a68                __aeabi_dcmpgt
 .text          0x08000a7c       0x50 c:/program files (x86)/atollic/truestudio for stm32 9.3.0/armtools/bin/../lib/gcc/arm-atollic-eabi/6.3.1/armv7e-m/fpu\libgcc.a(_arm_fixdfsi.o)
                0x08000a7c                __aeabi_d2iz
                0x08000a7c                __fixdfsi
 .text          0x08000acc       0x40 c:/program files (x86)/atollic/truestudio for stm32 9.3.0/armtools/bin/../lib/gcc/arm-atollic-eabi/6.3.1/armv7e-m/fpu\libgcc.a(_arm_fixunsdfsi.o)
                0x08000acc                __aeabi_d2uiz
                0x08000acc                __fixunsdfsi
 .text          0x08000b0c       0x30 c:/program files (x86)/atollic/truestudio for stm32 9.3.0/armtools/bin/../lib/gcc/arm-atollic-eabi/6.3.1/armv7e-m/fpu\libgcc.a(_aeabi_uldivmod.o)
                0x08000b0c                __aeabi_uldivmod
 .text          0x08000b3c      0x2dc c:/program files (x86)/atollic/truestudio for stm32 9.3.0/armtools/bin/../lib/gcc/arm-atollic-eabi/6.3.1/armv7e-m/fpu\libgcc.a(_udivmoddi4.o)
                0x08000b3c                __udivmoddi4
 .text          0x08000e18        0x4 c:/program files (x86)/atollic/truestudio for stm32 9.3.0/armtools/bin/../lib/gcc/arm-atollic-eabi/6.3.1/armv7e-m/fpu\libgcc.a(_dvmd_tls.o)
                0x08000e18                __aeabi_idiv0
                0x08000e18                __aeabi_ldiv0
 *(.text*)
 .text.MX_GPIO_Init
                0x08000e1c       0xb4 Core\Src\gpio.o
                0x08000e1c                MX_GPIO_Init
 .text.main     0x08000ed0      0x25c Core\Src\main.o
                0x08000ed0                main
 .text.SystemClock_Config
                0x0800112c       0xc0 Core\Src\main.o
                0x0800112c                SystemClock_Config
 .text.PCF2123_on_assertion
                0x080011ec        0xe Core\Src\main.o
                0x080011ec                PCF2123_on_assertion
 *fill*         0x080011fa        0x2 
 .text.my_spi_xfer
                0x080011fc       0x80 Core\Src\main.o
                0x080011fc                my_spi_xfer
 .text.my_control_ce
                0x0800127c       0x40 Core\Src\main.o
                0x0800127c                my_control_ce
 .text.Error_Handler
                0x080012bc        0xe Core\Src\main.o
                0x080012bc                Error_Handler
 *fill*         0x080012ca        0x2 
 .text.MX_SPI1_Init
                0x080012cc       0x6c Core\Src\spi.o
                0x080012cc                MX_SPI1_Init
 .text.HAL_SPI_MspInit
                0x08001338       0x90 Core\Src\spi.o
                0x08001338                HAL_SPI_MspInit
 .text.HAL_MspInit
                0x080013c8       0x50 Core\Src\stm32f4xx_hal_msp.o
                0x080013c8                HAL_MspInit
 .text.NMI_Handler
                0x08001418        0xe Core\Src\stm32f4xx_it.o
                0x08001418                NMI_Handler
 .text.HardFault_Handler
                0x08001426        0x6 Core\Src\stm32f4xx_it.o
                0x08001426                HardFault_Handler
 .text.MemManage_Handler
                0x0800142c        0x6 Core\Src\stm32f4xx_it.o
                0x0800142c                MemManage_Handler
 .text.BusFault_Handler
                0x08001432        0x6 Core\Src\stm32f4xx_it.o
                0x08001432                BusFault_Handler
 .text.UsageFault_Handler
                0x08001438        0x6 Core\Src\stm32f4xx_it.o
                0x08001438                UsageFault_Handler
 .text.SVC_Handler
                0x0800143e        0xe Core\Src\stm32f4xx_it.o
                0x0800143e                SVC_Handler
 .text.DebugMon_Handler
                0x0800144c        0xe Core\Src\stm32f4xx_it.o
                0x0800144c                DebugMon_Handler
 .text.PendSV_Handler
                0x0800145a        0xe Core\Src\stm32f4xx_it.o
                0x0800145a                PendSV_Handler
 .text.SysTick_Handler
                0x08001468        0xc Core\Src\stm32f4xx_it.o
                0x08001468                SysTick_Handler
 .text.SystemInit
                0x08001474       0x2c Core\Src\system_stm32f4xx.o
                0x08001474                SystemInit
 .text.MX_USART2_UART_Init
                0x080014a0       0x54 Core\Src\usart.o
                0x080014a0                MX_USART2_UART_Init
 .text.HAL_UART_MspInit
                0x080014f4       0x90 Core\Src\usart.o
                0x080014f4                HAL_UART_MspInit
 .text.HAL_Init
                0x08001584       0x44 Drivers\STM32F4xx_HAL_Driver\Src\stm32f4xx_hal.o
                0x08001584                HAL_Init
 .text.HAL_InitTick
                0x080015c8       0x60 Drivers\STM32F4xx_HAL_Driver\Src\stm32f4xx_hal.o
                0x080015c8                HAL_InitTick
 .text.HAL_IncTick
                0x08001628       0x28 Drivers\STM32F4xx_HAL_Driver\Src\stm32f4xx_hal.o
                0x08001628                HAL_IncTick
 .text.HAL_GetTick
                0x08001650       0x18 Drivers\STM32F4xx_HAL_Driver\Src\stm32f4xx_hal.o
                0x08001650                HAL_GetTick
 .text.HAL_Delay
                0x08001668       0x44 Drivers\STM32F4xx_HAL_Driver\Src\stm32f4xx_hal.o
                0x08001668                HAL_Delay
 .text.__NVIC_SetPriorityGrouping
                0x080016ac       0x48 Drivers\STM32F4xx_HAL_Driver\Src\stm32f4xx_hal_cortex.o
 .text.__NVIC_GetPriorityGrouping
                0x080016f4       0x1c Drivers\STM32F4xx_HAL_Driver\Src\stm32f4xx_hal_cortex.o
 .text.__NVIC_SetPriority
                0x08001710       0x54 Drivers\STM32F4xx_HAL_Driver\Src\stm32f4xx_hal_cortex.o
 .text.NVIC_EncodePriority
                0x08001764       0x62 Drivers\STM32F4xx_HAL_Driver\Src\stm32f4xx_hal_cortex.o
 *fill*         0x080017c6        0x2 
 .text.SysTick_Config
                0x080017c8       0x44 Drivers\STM32F4xx_HAL_Driver\Src\stm32f4xx_hal_cortex.o
 .text.HAL_NVIC_SetPriorityGrouping
                0x0800180c       0x16 Drivers\STM32F4xx_HAL_Driver\Src\stm32f4xx_hal_cortex.o
                0x0800180c                HAL_NVIC_SetPriorityGrouping
 .text.HAL_NVIC_SetPriority
                0x08001822       0x38 Drivers\STM32F4xx_HAL_Driver\Src\stm32f4xx_hal_cortex.o
                0x08001822                HAL_NVIC_SetPriority
 .text.HAL_SYSTICK_Config
                0x0800185a       0x18 Drivers\STM32F4xx_HAL_Driver\Src\stm32f4xx_hal_cortex.o
                0x0800185a                HAL_SYSTICK_Config
 *fill*         0x08001872        0x2 
 .text.HAL_GPIO_Init
                0x08001874      0x304 Drivers\STM32F4xx_HAL_Driver\Src\stm32f4xx_hal_gpio.o
                0x08001874                HAL_GPIO_Init
 .text.HAL_GPIO_WritePin
                0x08001b78       0x32 Drivers\STM32F4xx_HAL_Driver\Src\stm32f4xx_hal_gpio.o
                0x08001b78                HAL_GPIO_WritePin
 .text.HAL_GPIO_TogglePin
                0x08001baa       0x36 Drivers\STM32F4xx_HAL_Driver\Src\stm32f4xx_hal_gpio.o
                0x08001baa                HAL_GPIO_TogglePin
 .text.HAL_RCC_OscConfig
                0x08001be0      0x4e0 Drivers\STM32F4xx_HAL_Driver\Src\stm32f4xx_hal_rcc.o
                0x08001be0                HAL_RCC_OscConfig
 .text.HAL_RCC_ClockConfig
                0x080020c0      0x1cc Drivers\STM32F4xx_HAL_Driver\Src\stm32f4xx_hal_rcc.o
                0x080020c0                HAL_RCC_ClockConfig
 .text.HAL_RCC_GetSysClockFreq
                0x0800228c      0x16c Drivers\STM32F4xx_HAL_Driver\Src\stm32f4xx_hal_rcc.o
                0x0800228c                HAL_RCC_GetSysClockFreq
 .text.HAL_RCC_GetHCLKFreq
                0x080023f8       0x18 Drivers\STM32F4xx_HAL_Driver\Src\stm32f4xx_hal_rcc.o
                0x080023f8                HAL_RCC_GetHCLKFreq
 .text.HAL_RCC_GetPCLK1Freq
                0x08002410       0x28 Drivers\STM32F4xx_HAL_Driver\Src\stm32f4xx_hal_rcc.o
                0x08002410                HAL_RCC_GetPCLK1Freq
 .text.HAL_RCC_GetPCLK2Freq
                0x08002438       0x28 Drivers\STM32F4xx_HAL_Driver\Src\stm32f4xx_hal_rcc.o
                0x08002438                HAL_RCC_GetPCLK2Freq
 .text.HAL_SPI_Init
                0x08002460       0xc6 Drivers\STM32F4xx_HAL_Driver\Src\stm32f4xx_hal_spi.o
                0x08002460                HAL_SPI_Init
 .text.HAL_SPI_TransmitReceive
                0x08002526      0x340 Drivers\STM32F4xx_HAL_Driver\Src\stm32f4xx_hal_spi.o
                0x08002526                HAL_SPI_TransmitReceive
 .text.SPI_WaitFlagStateUntilTimeout
                0x08002866       0xd4 Drivers\STM32F4xx_HAL_Driver\Src\stm32f4xx_hal_spi.o
 *fill*         0x0800293a        0x2 
 .text.SPI_EndRxTxTransaction
                0x0800293c       0x84 Drivers\STM32F4xx_HAL_Driver\Src\stm32f4xx_hal_spi.o
 .text.HAL_UART_Init
                0x080029c0       0x9a Drivers\STM32F4xx_HAL_Driver\Src\stm32f4xx_hal_uart.o
                0x080029c0                HAL_UART_Init
 .text.HAL_UART_Transmit
                0x08002a5a      0x130 Drivers\STM32F4xx_HAL_Driver\Src\stm32f4xx_hal_uart.o
                0x08002a5a                HAL_UART_Transmit
 .text.UART_WaitOnFlagUntilTimeout
                0x08002b8a       0x94 Drivers\STM32F4xx_HAL_Driver\Src\stm32f4xx_hal_uart.o
 *fill*         0x08002c1e        0x2 
 .text.UART_SetConfig
                0x08002c20      0x67c Drivers\STM32F4xx_HAL_Driver\Src\stm32f4xx_hal_uart.o
 .text.PCF2123_init
                0x0800329c       0x28 PCF2123\PCF2123.o
                0x0800329c                PCF2123_init
 .text.PCF2123_set_rtcc_data
                0x080032c4       0xb2 PCF2123\PCF2123.o
                0x080032c4                PCF2123_set_rtcc_data
 .text.PCF2123_get_rtcc_data
                0x08003376       0xf6 PCF2123\PCF2123.o
                0x08003376                PCF2123_get_rtcc_data
 .text.PCF2123_set_alarm_interrupt
                0x0800346c      0x13a PCF2123\PCF2123.o
                0x0800346c                PCF2123_set_alarm_interrupt
 .text.PCF2123_sw_reset
                0x080035a6       0x30 PCF2123\PCF2123.o
                0x080035a6                PCF2123_sw_reset
 .text.pcf2123_enable
                0x080035d6       0x24 PCF2123\PCF2123.o
                0x080035d6                pcf2123_enable
 .text.pcf2123_disable
                0x080035fa       0x24 PCF2123\PCF2123.o
                0x080035fa                pcf2123_disable
 .text.PCF2123_read_register
                0x0800361e      0x116 PCF2123\PCF2123.o
                0x0800361e                PCF2123_read_register
 .text.PCF2123_write_register
                0x08003734      0x11c PCF2123\PCF2123.o
                0x08003734                PCF2123_write_register
 .text.PCF2123_clear_af
                0x08003850       0x42 PCF2123\PCF2123.o
                0x08003850                PCF2123_clear_af
 .text.PCF2123_clear_tf
                0x08003892       0x42 PCF2123\PCF2123.o
                0x08003892                PCF2123_clear_tf
 .text.PCF2123_get_interrupt_flags
                0x080038d4       0x2c PCF2123\PCF2123.o
                0x080038d4                PCF2123_get_interrupt_flags
 .text._to_bcd  0x08003900       0x48 PCF2123\PCF2123.o
 .text._from_bcd
                0x08003948       0x32 PCF2123\PCF2123.o
 *fill*         0x0800397a        0x2 
 .text._putchar
                0x0800397c       0x24 dbg\DBG.o
                0x0800397c                _putchar
 .text.DBG_init
                0x080039a0       0x20 dbg\DBG.o
                0x080039a0                DBG_init
 .text.DBG_println
                0x080039c0       0x3c dbg\DBG.o
                0x080039c0                DBG_println
 .text._out_null
                0x080039fc       0x1c dbg\printf\printf.o
 .text._out_char
                0x08003a18       0x26 dbg\printf\printf.o
 .text._strnlen_s
                0x08003a3e       0x3a dbg\printf\printf.o
 .text._is_digit
                0x08003a78       0x2e dbg\printf\printf.o
 .text._atoi    0x08003aa6       0x48 dbg\printf\printf.o
 .text._out_rev
                0x08003aee       0xa0 dbg\printf\printf.o
 .text._ntoa_format
                0x08003b8e      0x1b8 dbg\printf\printf.o
 .text._ntoa_long
                0x08003d46       0xce dbg\printf\printf.o
 .text._ntoa_long_long
                0x08003e14       0xde dbg\printf\printf.o
 *fill*         0x08003ef2        0x6 
 .text._ftoa    0x08003ef8      0x4cc dbg\printf\printf.o
 *fill*         0x080043c4        0x4 
 .text._etoa    0x080043c8      0x510 dbg\printf\printf.o
 .text._vsnprintf
                0x080048d8      0x964 dbg\printf\printf.o
 .text.vprintf_
                0x0800523c       0x2c dbg\printf\printf.o
                0x0800523c                vprintf_
 .text.Reset_Handler
                0x08005268       0x50 startup\startup_stm32f401xc.o
                0x08005268                Reset_Handler
 .text.Default_Handler
                0x080052b8        0x2 startup\startup_stm32f401xc.o
                0x080052b8                RTC_Alarm_IRQHandler
                0x080052b8                EXTI2_IRQHandler
                0x080052b8                SPI4_IRQHandler
                0x080052b8                TIM1_CC_IRQHandler
                0x080052b8                DMA2_Stream5_IRQHandler
                0x080052b8                DMA1_Stream5_IRQHandler
                0x080052b8                PVD_IRQHandler
                0x080052b8                SDIO_IRQHandler
                0x080052b8                TAMP_STAMP_IRQHandler
                0x080052b8                EXTI3_IRQHandler
                0x080052b8                TIM1_UP_TIM10_IRQHandler
                0x080052b8                I2C3_ER_IRQHandler
                0x080052b8                EXTI0_IRQHandler
                0x080052b8                I2C2_EV_IRQHandler
                0x080052b8                DMA1_Stream2_IRQHandler
                0x080052b8                FPU_IRQHandler
                0x080052b8                DMA2_Stream2_IRQHandler
                0x080052b8                SPI1_IRQHandler
                0x080052b8                TIM1_BRK_TIM9_IRQHandler
                0x080052b8                DMA2_Stream3_IRQHandler
                0x080052b8                USART6_IRQHandler
                0x080052b8                DMA2_Stream0_IRQHandler
                0x080052b8                TIM4_IRQHandler
                0x080052b8                I2C1_EV_IRQHandler
                0x080052b8                DMA1_Stream6_IRQHandler
                0x080052b8                DMA1_Stream1_IRQHandler
                0x080052b8                TIM3_IRQHandler
                0x080052b8                RCC_IRQHandler
                0x080052b8                Default_Handler
                0x080052b8                EXTI15_10_IRQHandler
                0x080052b8                ADC_IRQHandler
                0x080052b8                DMA1_Stream7_IRQHandler
                0x080052b8                TIM5_IRQHandler
                0x080052b8                DMA2_Stream7_IRQHandler
                0x080052b8                I2C3_EV_IRQHandler
                0x080052b8                EXTI9_5_IRQHandler
                0x080052b8                RTC_WKUP_IRQHandler
                0x080052b8                SPI2_IRQHandler
                0x080052b8                DMA1_Stream0_IRQHandler
                0x080052b8                EXTI4_IRQHandler
                0x080052b8                WWDG_IRQHandler
                0x080052b8                TIM2_IRQHandler
                0x080052b8                OTG_FS_WKUP_IRQHandler
                0x080052b8                TIM1_TRG_COM_TIM11_IRQHandler
                0x080052b8                EXTI1_IRQHandler
                0x080052b8                USART2_IRQHandler
                0x080052b8                I2C2_ER_IRQHandler
                0x080052b8                DMA2_Stream1_IRQHandler
                0x080052b8                FLASH_IRQHandler
                0x080052b8                DMA2_Stream4_IRQHandler
                0x080052b8                USART1_IRQHandler
                0x080052b8                OTG_FS_IRQHandler
                0x080052b8                SPI3_IRQHandler
                0x080052b8                DMA1_Stream4_IRQHandler
                0x080052b8                I2C1_ER_IRQHandler
                0x080052b8                DMA2_Stream6_IRQHandler
                0x080052b8                DMA1_Stream3_IRQHandler
 *fill*         0x080052ba        0x2 
 .text.__libc_init_array
                0x080052bc       0x48 c:/program files (x86)/atollic/truestudio for stm32 9.3.0/armtools/bin/../lib/gcc/arm-atollic-eabi/6.3.1/../../../../arm-atollic-eabi/lib/armv7e-m/fpu\libc_nano.a(lib_a-init.o)
                0x080052bc                __libc_init_array
 .text.memset   0x08005304       0x10 c:/program files (x86)/atollic/truestudio for stm32 9.3.0/armtools/bin/../lib/gcc/arm-atollic-eabi/6.3.1/../../../../arm-atollic-eabi/lib/armv7e-m/fpu\libc_nano.a(lib_a-memset.o)
                0x08005304                memset
 *(.glue_7)
 .glue_7        0x08005314        0x0 linker stubs
 *(.glue_7t)
 .glue_7t       0x08005314        0x0 linker stubs
 *(.eh_frame)
 .eh_frame      0x08005314        0x0 c:/program files (x86)/atollic/truestudio for stm32 9.3.0/armtools/bin/../lib/gcc/arm-atollic-eabi/6.3.1/armv7e-m/fpu/crtbegin.o
 *(.init)
 .init          0x08005314        0x4 c:/program files (x86)/atollic/truestudio for stm32 9.3.0/armtools/bin/../lib/gcc/arm-atollic-eabi/6.3.1/armv7e-m/fpu/crti.o
                0x08005314                _init
 .init          0x08005318        0x8 c:/program files (x86)/atollic/truestudio for stm32 9.3.0/armtools/bin/../lib/gcc/arm-atollic-eabi/6.3.1/armv7e-m/fpu/crtn.o
 *(.fini)
 .fini          0x08005320        0x4 c:/program files (x86)/atollic/truestudio for stm32 9.3.0/armtools/bin/../lib/gcc/arm-atollic-eabi/6.3.1/armv7e-m/fpu/crti.o
                0x08005320                _fini
 .fini          0x08005324        0x8 c:/program files (x86)/atollic/truestudio for stm32 9.3.0/armtools/bin/../lib/gcc/arm-atollic-eabi/6.3.1/armv7e-m/fpu/crtn.o
                0x0800532c                . = ALIGN (0x4)
                0x0800532c                _etext = .

.vfp11_veneer   0x0800532c        0x0
 .vfp11_veneer  0x0800532c        0x0 linker stubs

.v4_bx          0x0800532c        0x0
 .v4_bx         0x0800532c        0x0 linker stubs

.iplt           0x0800532c        0x0
 .iplt          0x0800532c        0x0 c:/program files (x86)/atollic/truestudio for stm32 9.3.0/armtools/bin/../lib/gcc/arm-atollic-eabi/6.3.1/armv7e-m/fpu/crtbegin.o

.rodata         0x08005330      0x198
                0x08005330                . = ALIGN (0x4)
 *(.rodata)
 .rodata        0x08005330       0x9c Core\Src\main.o
 .rodata        0x080053cc       0x78 dbg\DBG.o
 .rodata        0x08005444       0x18 dbg\printf\printf.o
 *(.rodata*)
 .rodata.AHBPrescTable
                0x0800545c       0x10 Core\Src\system_stm32f4xx.o
                0x0800545c                AHBPrescTable
 .rodata.APBPrescTable
                0x0800546c        0x8 Core\Src\system_stm32f4xx.o
                0x0800546c                APBPrescTable
 *fill*         0x08005474        0x4 
 .rodata.pow10.5466
                0x08005478       0x50 dbg\printf\printf.o
                0x080054c8                . = ALIGN (0x4)

.ARM.extab
 *(.ARM.extab* .gnu.linkonce.armextab.*)

.ARM            0x080054c8        0x8
                0x080054c8                __exidx_start = .
 *(.ARM.exidx*)
 .ARM.exidx     0x080054c8        0x8 c:/program files (x86)/atollic/truestudio for stm32 9.3.0/armtools/bin/../lib/gcc/arm-atollic-eabi/6.3.1/armv7e-m/fpu\libgcc.a(_udivmoddi4.o)
                0x080054d0                __exidx_end = .

.rel.dyn        0x080054d0        0x0
 .rel.iplt      0x080054d0        0x0 c:/program files (x86)/atollic/truestudio for stm32 9.3.0/armtools/bin/../lib/gcc/arm-atollic-eabi/6.3.1/armv7e-m/fpu/crtbegin.o

.preinit_array  0x080054d0        0x0
                0x080054d0                PROVIDE (__preinit_array_start, .)
 *(.preinit_array*)
                0x080054d0                PROVIDE (__preinit_array_end, .)

.init_array     0x080054d0        0x4
                0x080054d0                PROVIDE (__init_array_start, .)
 *(SORT(.init_array.*))
 *(.init_array*)
 .init_array    0x080054d0        0x4 c:/program files (x86)/atollic/truestudio for stm32 9.3.0/armtools/bin/../lib/gcc/arm-atollic-eabi/6.3.1/armv7e-m/fpu/crtbegin.o
                0x080054d4                PROVIDE (__init_array_end, .)

.fini_array     0x080054d4        0x4
                [!provide]                PROVIDE (__fini_array_start, .)
 *(SORT(.fini_array.*))
 *(.fini_array*)
 .fini_array    0x080054d4        0x4 c:/program files (x86)/atollic/truestudio for stm32 9.3.0/armtools/bin/../lib/gcc/arm-atollic-eabi/6.3.1/armv7e-m/fpu/crtbegin.o
                [!provide]                PROVIDE (__fini_array_end, .)
                0x080054d8                _sidata = LOADADDR (.data)

.data           0x20000000        0xc load address 0x080054d8
                0x20000000                . = ALIGN (0x4)
                0x20000000                _sdata = .
 *(.data)
 *(.data*)
 .data.SystemCoreClock
                0x20000000        0x4 Core\Src\system_stm32f4xx.o
                0x20000000                SystemCoreClock
 .data.uwTickPrio
                0x20000004        0x4 Drivers\STM32F4xx_HAL_Driver\Src\stm32f4xx_hal.o
                0x20000004                uwTickPrio
 .data.uwTickFreq
                0x20000008        0x1 Drivers\STM32F4xx_HAL_Driver\Src\stm32f4xx_hal.o
                0x20000008                uwTickFreq
                0x2000000c                . = ALIGN (0x4)
 *fill*         0x20000009        0x3 
                0x2000000c                _edata = .

.igot.plt       0x2000000c        0x0 load address 0x080054e4
 .igot.plt      0x2000000c        0x0 c:/program files (x86)/atollic/truestudio for stm32 9.3.0/armtools/bin/../lib/gcc/arm-atollic-eabi/6.3.1/armv7e-m/fpu/crtbegin.o
                0x2000000c                . = ALIGN (0x4)

.bss            0x2000000c       0xc4 load address 0x080054e4
                0x2000000c                _sbss = .
                0x2000000c                __bss_start__ = _sbss
 *(.bss)
 .bss           0x2000000c       0x1c c:/program files (x86)/atollic/truestudio for stm32 9.3.0/armtools/bin/../lib/gcc/arm-atollic-eabi/6.3.1/armv7e-m/fpu/crtbegin.o
 *(.bss*)
 .bss.DBG_UART_PORT
                0x20000028        0x4 dbg\DBG.o
 *(COMMON)
 COMMON         0x2000002c        0x8 Core\Src\main.o
                0x2000002c                my_pcf
 COMMON         0x20000034       0x58 Core\Src\spi.o
                0x20000034                hspi1
 COMMON         0x2000008c       0x40 Core\Src\usart.o
                0x2000008c                huart2
 COMMON         0x200000cc        0x4 Drivers\STM32F4xx_HAL_Driver\Src\stm32f4xx_hal.o
                0x200000cc                uwTick
                0x200000d0                . = ALIGN (0x4)
                0x200000d0                _ebss = .
                0x200000d0                __bss_end__ = _ebss

._user_heap_stack
                0x200000d0      0x600 load address 0x080054e4
                0x200000d0                . = ALIGN (0x4)
                0x200000d0                PROVIDE (end, .)
                [!provide]                PROVIDE (_end, .)
                0x200002d0                . = (. + _Min_Heap_Size)
 *fill*         0x200000d0      0x200 
                0x200006d0                . = (. + _Min_Stack_Size)
 *fill*         0x200002d0      0x400 
                0x200006d0                . = ALIGN (0x4)

/DISCARD/
 libc.a(*)
 libm.a(*)
 libgcc.a(*)

.ARM.attributes
                0x00000000       0x30
 *(.ARM.attributes)
 .ARM.attributes
                0x00000000       0x22 c:/program files (x86)/atollic/truestudio for stm32 9.3.0/armtools/bin/../lib/gcc/arm-atollic-eabi/6.3.1/armv7e-m/fpu/crti.o
 .ARM.attributes
                0x00000022       0x34 c:/program files (x86)/atollic/truestudio for stm32 9.3.0/armtools/bin/../lib/gcc/arm-atollic-eabi/6.3.1/armv7e-m/fpu/crtbegin.o
 .ARM.attributes
                0x00000056       0x39 Core\Src\gpio.o
 .ARM.attributes
                0x0000008f       0x39 Core\Src\main.o
 .ARM.attributes
                0x000000c8       0x39 Core\Src\spi.o
 .ARM.attributes
                0x00000101       0x39 Core\Src\stm32f4xx_hal_msp.o
 .ARM.attributes
                0x0000013a       0x39 Core\Src\stm32f4xx_it.o
 .ARM.attributes
                0x00000173       0x39 Core\Src\system_stm32f4xx.o
 .ARM.attributes
                0x000001ac       0x39 Core\Src\usart.o
 .ARM.attributes
                0x000001e5       0x39 Drivers\STM32F4xx_HAL_Driver\Src\stm32f4xx_hal.o
 .ARM.attributes
                0x0000021e       0x39 Drivers\STM32F4xx_HAL_Driver\Src\stm32f4xx_hal_cortex.o
 .ARM.attributes
                0x00000257       0x39 Drivers\STM32F4xx_HAL_Driver\Src\stm32f4xx_hal_gpio.o
 .ARM.attributes
                0x00000290       0x39 Drivers\STM32F4xx_HAL_Driver\Src\stm32f4xx_hal_rcc.o
 .ARM.attributes
                0x000002c9       0x39 Drivers\STM32F4xx_HAL_Driver\Src\stm32f4xx_hal_spi.o
 .ARM.attributes
                0x00000302       0x39 Drivers\STM32F4xx_HAL_Driver\Src\stm32f4xx_hal_uart.o
 .ARM.attributes
                0x0000033b       0x39 PCF2123\PCF2123.o
 .ARM.attributes
                0x00000374       0x39 dbg\DBG.o
 .ARM.attributes
                0x000003ad       0x39 dbg\printf\printf.o
 .ARM.attributes
                0x000003e6       0x21 startup\startup_stm32f401xc.o
 .ARM.attributes
                0x00000407       0x34 c:/program files (x86)/atollic/truestudio for stm32 9.3.0/armtools/bin/../lib/gcc/arm-atollic-eabi/6.3.1/../../../../arm-atollic-eabi/lib/armv7e-m/fpu\libc_nano.a(lib_a-init.o)
 .ARM.attributes
                0x0000043b       0x34 c:/program files (x86)/atollic/truestudio for stm32 9.3.0/armtools/bin/../lib/gcc/arm-atollic-eabi/6.3.1/../../../../arm-atollic-eabi/lib/armv7e-m/fpu\libc_nano.a(lib_a-memset.o)
 .ARM.attributes
                0x0000046f       0x22 c:/program files (x86)/atollic/truestudio for stm32 9.3.0/armtools/bin/../lib/gcc/arm-atollic-eabi/6.3.1/armv7e-m/fpu\libgcc.a(_arm_addsubdf3.o)
 .ARM.attributes
                0x00000491       0x22 c:/program files (x86)/atollic/truestudio for stm32 9.3.0/armtools/bin/../lib/gcc/arm-atollic-eabi/6.3.1/armv7e-m/fpu\libgcc.a(_arm_muldivdf3.o)
 .ARM.attributes
                0x000004b3       0x22 c:/program files (x86)/atollic/truestudio for stm32 9.3.0/armtools/bin/../lib/gcc/arm-atollic-eabi/6.3.1/armv7e-m/fpu\libgcc.a(_arm_cmpdf2.o)
 .ARM.attributes
                0x000004d5       0x22 c:/program files (x86)/atollic/truestudio for stm32 9.3.0/armtools/bin/../lib/gcc/arm-atollic-eabi/6.3.1/armv7e-m/fpu\libgcc.a(_arm_fixdfsi.o)
 .ARM.attributes
                0x000004f7       0x22 c:/program files (x86)/atollic/truestudio for stm32 9.3.0/armtools/bin/../lib/gcc/arm-atollic-eabi/6.3.1/armv7e-m/fpu\libgcc.a(_arm_fixunsdfsi.o)
 .ARM.attributes
                0x00000519       0x22 c:/program files (x86)/atollic/truestudio for stm32 9.3.0/armtools/bin/../lib/gcc/arm-atollic-eabi/6.3.1/armv7e-m/fpu\libgcc.a(_aeabi_uldivmod.o)
 .ARM.attributes
                0x0000053b       0x34 c:/program files (x86)/atollic/truestudio for stm32 9.3.0/armtools/bin/../lib/gcc/arm-atollic-eabi/6.3.1/armv7e-m/fpu\libgcc.a(_udivmoddi4.o)
 .ARM.attributes
                0x0000056f       0x22 c:/program files (x86)/atollic/truestudio for stm32 9.3.0/armtools/bin/../lib/gcc/arm-atollic-eabi/6.3.1/armv7e-m/fpu\libgcc.a(_dvmd_tls.o)
 .ARM.attributes
                0x00000591       0x22 c:/program files (x86)/atollic/truestudio for stm32 9.3.0/armtools/bin/../lib/gcc/arm-atollic-eabi/6.3.1/armv7e-m/fpu/crtn.o
OUTPUT(pcf_401.elf elf32-littlearm)

.debug_info     0x00000000     0xaa28
 .debug_info    0x00000000      0x4bb Core\Src\gpio.o
 .debug_info    0x000004bb     0x10de Core\Src\main.o
 .debug_info    0x00001599      0x9d7 Core\Src\spi.o
 .debug_info    0x00001f70      0x38e Core\Src\stm32f4xx_hal_msp.o
 .debug_info    0x000022fe      0x20c Core\Src\stm32f4xx_it.o
 .debug_info    0x0000250a      0x580 Core\Src\system_stm32f4xx.o
 .debug_info    0x00002a8a      0x96a Core\Src\usart.o
 .debug_info    0x000033f4      0x8cd Drivers\STM32F4xx_HAL_Driver\Src\stm32f4xx_hal.o
 .debug_info    0x00003cc1      0xd92 Drivers\STM32F4xx_HAL_Driver\Src\stm32f4xx_hal_cortex.o
 .debug_info    0x00004a53      0x7d6 Drivers\STM32F4xx_HAL_Driver\Src\stm32f4xx_hal_gpio.o
 .debug_info    0x00005229      0x928 Drivers\STM32F4xx_HAL_Driver\Src\stm32f4xx_hal_rcc.o
 .debug_info    0x00005b51     0x162f Drivers\STM32F4xx_HAL_Driver\Src\stm32f4xx_hal_spi.o
 .debug_info    0x00007180     0x1241 Drivers\STM32F4xx_HAL_Driver\Src\stm32f4xx_hal_uart.o
 .debug_info    0x000083c1      0x950 PCF2123\PCF2123.o
 .debug_info    0x00008d11      0xf5b dbg\DBG.o
 .debug_info    0x00009c6c      0xd43 dbg\printf\printf.o
 .debug_info    0x0000a9af       0x79 startup\startup_stm32f401xc.o

.debug_abbrev   0x00000000     0x1cc2
 .debug_abbrev  0x00000000      0x12f Core\Src\gpio.o
 .debug_abbrev  0x0000012f      0x20b Core\Src\main.o
 .debug_abbrev  0x0000033a      0x194 Core\Src\spi.o
 .debug_abbrev  0x000004ce      0x104 Core\Src\stm32f4xx_hal_msp.o
 .debug_abbrev  0x000005d2       0xc1 Core\Src\stm32f4xx_it.o
 .debug_abbrev  0x00000693      0x126 Core\Src\system_stm32f4xx.o
 .debug_abbrev  0x000007b9      0x194 Core\Src\usart.o
 .debug_abbrev  0x0000094d      0x1ed Drivers\STM32F4xx_HAL_Driver\Src\stm32f4xx_hal.o
 .debug_abbrev  0x00000b3a      0x2f5 Drivers\STM32F4xx_HAL_Driver\Src\stm32f4xx_hal_cortex.o
 .debug_abbrev  0x00000e2f      0x1c4 Drivers\STM32F4xx_HAL_Driver\Src\stm32f4xx_hal_gpio.o
 .debug_abbrev  0x00000ff3      0x240 Drivers\STM32F4xx_HAL_Driver\Src\stm32f4xx_hal_rcc.o
 .debug_abbrev  0x00001233      0x23b Drivers\STM32F4xx_HAL_Driver\Src\stm32f4xx_hal_spi.o
 .debug_abbrev  0x0000146e      0x24c Drivers\STM32F4xx_HAL_Driver\Src\stm32f4xx_hal_uart.o
 .debug_abbrev  0x000016ba      0x1e3 PCF2123\PCF2123.o
 .debug_abbrev  0x0000189d      0x210 dbg\DBG.o
 .debug_abbrev  0x00001aad      0x203 dbg\printf\printf.o
 .debug_abbrev  0x00001cb0       0x12 startup\startup_stm32f401xc.o

.debug_aranges  0x00000000      0x9d8
 .debug_aranges
                0x00000000       0x20 Core\Src\gpio.o
 .debug_aranges
                0x00000020       0x48 Core\Src\main.o
 .debug_aranges
                0x00000068       0x30 Core\Src\spi.o
 .debug_aranges
                0x00000098       0x20 Core\Src\stm32f4xx_hal_msp.o
 .debug_aranges
                0x000000b8       0x60 Core\Src\stm32f4xx_it.o
 .debug_aranges
                0x00000118       0x28 Core\Src\system_stm32f4xx.o
 .debug_aranges
                0x00000140       0x30 Core\Src\usart.o
 .debug_aranges
                0x00000170       0xf0 Drivers\STM32F4xx_HAL_Driver\Src\stm32f4xx_hal.o
 .debug_aranges
                0x00000260      0x118 Drivers\STM32F4xx_HAL_Driver\Src\stm32f4xx_hal_cortex.o
 .debug_aranges
                0x00000378       0x58 Drivers\STM32F4xx_HAL_Driver\Src\stm32f4xx_hal_gpio.o
 .debug_aranges
                0x000003d0       0x88 Drivers\STM32F4xx_HAL_Driver\Src\stm32f4xx_hal_rcc.o
 .debug_aranges
                0x00000458      0x1d0 Drivers\STM32F4xx_HAL_Driver\Src\stm32f4xx_hal_spi.o
 .debug_aranges
                0x00000628      0x1d0 Drivers\STM32F4xx_HAL_Driver\Src\stm32f4xx_hal_uart.o
 .debug_aranges
                0x000007f8       0xb8 PCF2123\PCF2123.o
 .debug_aranges
                0x000008b0       0x48 dbg\DBG.o
 .debug_aranges
                0x000008f8       0xb8 dbg\printf\printf.o
 .debug_aranges
                0x000009b0       0x28 startup\startup_stm32f401xc.o

.debug_ranges   0x00000000      0x8d0
 .debug_ranges  0x00000000       0x10 Core\Src\gpio.o
 .debug_ranges  0x00000010       0x38 Core\Src\main.o
 .debug_ranges  0x00000048       0x20 Core\Src\spi.o
 .debug_ranges  0x00000068       0x10 Core\Src\stm32f4xx_hal_msp.o
 .debug_ranges  0x00000078       0x50 Core\Src\stm32f4xx_it.o
 .debug_ranges  0x000000c8       0x18 Core\Src\system_stm32f4xx.o
 .debug_ranges  0x000000e0       0x20 Core\Src\usart.o
 .debug_ranges  0x00000100       0xe0 Drivers\STM32F4xx_HAL_Driver\Src\stm32f4xx_hal.o
 .debug_ranges  0x000001e0      0x108 Drivers\STM32F4xx_HAL_Driver\Src\stm32f4xx_hal_cortex.o
 .debug_ranges  0x000002e8       0x48 Drivers\STM32F4xx_HAL_Driver\Src\stm32f4xx_hal_gpio.o
 .debug_ranges  0x00000330       0x78 Drivers\STM32F4xx_HAL_Driver\Src\stm32f4xx_hal_rcc.o
 .debug_ranges  0x000003a8      0x1c0 Drivers\STM32F4xx_HAL_Driver\Src\stm32f4xx_hal_spi.o
 .debug_ranges  0x00000568      0x1c0 Drivers\STM32F4xx_HAL_Driver\Src\stm32f4xx_hal_uart.o
 .debug_ranges  0x00000728       0xa8 PCF2123\PCF2123.o
 .debug_ranges  0x000007d0       0x38 dbg\DBG.o
 .debug_ranges  0x00000808       0xa8 dbg\printf\printf.o
 .debug_ranges  0x000008b0       0x20 startup\startup_stm32f401xc.o

.debug_line     0x00000000     0x4af7
 .debug_line    0x00000000      0x201 Core\Src\gpio.o
 .debug_line    0x00000201      0x42c Core\Src\main.o
 .debug_line    0x0000062d      0x287 Core\Src\spi.o
 .debug_line    0x000008b4      0x1ea Core\Src\stm32f4xx_hal_msp.o
 .debug_line    0x00000a9e      0x26b Core\Src\stm32f4xx_it.o
 .debug_line    0x00000d09      0x20f Core\Src\system_stm32f4xx.o
 .debug_line    0x00000f18      0x288 Core\Src\usart.o
 .debug_line    0x000011a0      0x41f Drivers\STM32F4xx_HAL_Driver\Src\stm32f4xx_hal.o
 .debug_line    0x000015bf      0x553 Drivers\STM32F4xx_HAL_Driver\Src\stm32f4xx_hal_cortex.o
 .debug_line    0x00001b12      0x3da Drivers\STM32F4xx_HAL_Driver\Src\stm32f4xx_hal_gpio.o
 .debug_line    0x00001eec      0x4c0 Drivers\STM32F4xx_HAL_Driver\Src\stm32f4xx_hal_rcc.o
 .debug_line    0x000023ac      0xc03 Drivers\STM32F4xx_HAL_Driver\Src\stm32f4xx_hal_spi.o
 .debug_line    0x00002faf      0xb5c Drivers\STM32F4xx_HAL_Driver\Src\stm32f4xx_hal_uart.o
 .debug_line    0x00003b0b      0x4f2 PCF2123\PCF2123.o
 .debug_line    0x00003ffd      0x341 dbg\DBG.o
 .debug_line    0x0000433e      0x73b dbg\printf\printf.o
 .debug_line    0x00004a79       0x7e startup\startup_stm32f401xc.o

.debug_str      0x00000000     0x31cd
 .debug_str     0x00000000      0x3f4 Core\Src\gpio.o
                                0x454 (size before relaxing)
 .debug_str     0x000003f4      0xb99 Core\Src\main.o
                               0x1035 (size before relaxing)
 .debug_str     0x00000f8d       0x4b Core\Src\spi.o
                                0x8b2 (size before relaxing)
 .debug_str     0x00000fd8       0x2c Core\Src\stm32f4xx_hal_msp.o
                                0x3c3 (size before relaxing)
 .debug_str     0x00001004       0xab Core\Src\stm32f4xx_it.o
                                0x32d (size before relaxing)
 .debug_str     0x000010af       0xaf Core\Src\system_stm32f4xx.o
                                0x43f (size before relaxing)
 .debug_str     0x0000115e       0x57 Core\Src\usart.o
                                0x893 (size before relaxing)
 .debug_str     0x000011b5      0x630 Drivers\STM32F4xx_HAL_Driver\Src\stm32f4xx_hal.o
                                0xa2a (size before relaxing)
 .debug_str     0x000017e5      0x499 Drivers\STM32F4xx_HAL_Driver\Src\stm32f4xx_hal_cortex.o
                                0xb9c (size before relaxing)
 .debug_str     0x00001c7e      0x158 Drivers\STM32F4xx_HAL_Driver\Src\stm32f4xx_hal_gpio.o
                                0x5d6 (size before relaxing)
 .debug_str     0x00001dd6      0x1b9 Drivers\STM32F4xx_HAL_Driver\Src\stm32f4xx_hal_rcc.o
                                0x78d (size before relaxing)
 .debug_str     0x00001f8f      0x52b Drivers\STM32F4xx_HAL_Driver\Src\stm32f4xx_hal_spi.o
                                0xc71 (size before relaxing)
 .debug_str     0x000024ba      0x513 Drivers\STM32F4xx_HAL_Driver\Src\stm32f4xx_hal_uart.o
                                0xc8e (size before relaxing)
 .debug_str     0x000029cd      0x214 PCF2123\PCF2123.o
                                0x83e (size before relaxing)
 .debug_str     0x00002be1      0x481 dbg\DBG.o
                                0xb84 (size before relaxing)
 .debug_str     0x00003062      0x16b dbg\printf\printf.o
                                0x3aa (size before relaxing)

.comment        0x00000000       0x7c
 .comment       0x00000000       0x7c Core\Src\gpio.o
                                 0x7d (size before relaxing)
 .comment       0x0000007c       0x7d Core\Src\main.o
 .comment       0x0000007c       0x7d Core\Src\spi.o
 .comment       0x0000007c       0x7d Core\Src\stm32f4xx_hal_msp.o
 .comment       0x0000007c       0x7d Core\Src\stm32f4xx_it.o
 .comment       0x0000007c       0x7d Core\Src\system_stm32f4xx.o
 .comment       0x0000007c       0x7d Core\Src\usart.o
 .comment       0x0000007c       0x7d Drivers\STM32F4xx_HAL_Driver\Src\stm32f4xx_hal.o
 .comment       0x0000007c       0x7d Drivers\STM32F4xx_HAL_Driver\Src\stm32f4xx_hal_cortex.o
 .comment       0x0000007c       0x7d Drivers\STM32F4xx_HAL_Driver\Src\stm32f4xx_hal_gpio.o
 .comment       0x0000007c       0x7d Drivers\STM32F4xx_HAL_Driver\Src\stm32f4xx_hal_rcc.o
 .comment       0x0000007c       0x7d Drivers\STM32F4xx_HAL_Driver\Src\stm32f4xx_hal_spi.o
 .comment       0x0000007c       0x7d Drivers\STM32F4xx_HAL_Driver\Src\stm32f4xx_hal_uart.o
 .comment       0x0000007c       0x7d PCF2123\PCF2123.o
 .comment       0x0000007c       0x7d dbg\DBG.o
 .comment       0x0000007c       0x7d dbg\printf\printf.o

.debug_frame    0x00000000     0x299c
 .debug_frame   0x00000000       0x34 Core\Src\gpio.o
 .debug_frame   0x00000034       0xdc Core\Src\main.o
 .debug_frame   0x00000110       0x74 Core\Src\spi.o
 .debug_frame   0x00000184       0x38 Core\Src\stm32f4xx_hal_msp.o
 .debug_frame   0x000001bc      0x10c Core\Src\stm32f4xx_it.o
 .debug_frame   0x000002c8       0x58 Core\Src\system_stm32f4xx.o
 .debug_frame   0x00000320       0x74 Core\Src\usart.o
 .debug_frame   0x00000394      0x374 Drivers\STM32F4xx_HAL_Driver\Src\stm32f4xx_hal.o
 .debug_frame   0x00000708      0x498 Drivers\STM32F4xx_HAL_Driver\Src\stm32f4xx_hal_cortex.o
 .debug_frame   0x00000ba0      0x14c Drivers\STM32F4xx_HAL_Driver\Src\stm32f4xx_hal_gpio.o
 .debug_frame   0x00000cec      0x1f8 Drivers\STM32F4xx_HAL_Driver\Src\stm32f4xx_hal_rcc.o
 .debug_frame   0x00000ee4      0x824 Drivers\STM32F4xx_HAL_Driver\Src\stm32f4xx_hal_spi.o
 .debug_frame   0x00001708      0x844 Drivers\STM32F4xx_HAL_Driver\Src\stm32f4xx_hal_uart.o
 .debug_frame   0x00001f4c      0x308 PCF2123\PCF2123.o
 .debug_frame   0x00002254      0x11c dbg\DBG.o
 .debug_frame   0x00002370      0x378 dbg\printf\printf.o
 .debug_frame   0x000026e8       0x2c c:/program files (x86)/atollic/truestudio for stm32 9.3.0/armtools/bin/../lib/gcc/arm-atollic-eabi/6.3.1/../../../../arm-atollic-eabi/lib/armv7e-m/fpu\libc_nano.a(lib_a-init.o)
 .debug_frame   0x00002714       0x20 c:/program files (x86)/atollic/truestudio for stm32 9.3.0/armtools/bin/../lib/gcc/arm-atollic-eabi/6.3.1/../../../../arm-atollic-eabi/lib/armv7e-m/fpu\libc_nano.a(lib_a-memset.o)
 .debug_frame   0x00002734       0xac c:/program files (x86)/atollic/truestudio for stm32 9.3.0/armtools/bin/../lib/gcc/arm-atollic-eabi/6.3.1/armv7e-m/fpu\libgcc.a(_arm_addsubdf3.o)
 .debug_frame   0x000027e0       0x50 c:/program files (x86)/atollic/truestudio for stm32 9.3.0/armtools/bin/../lib/gcc/arm-atollic-eabi/6.3.1/armv7e-m/fpu\libgcc.a(_arm_muldivdf3.o)
 .debug_frame   0x00002830       0xc4 c:/program files (x86)/atollic/truestudio for stm32 9.3.0/armtools/bin/../lib/gcc/arm-atollic-eabi/6.3.1/armv7e-m/fpu\libgcc.a(_arm_cmpdf2.o)
 .debug_frame   0x000028f4       0x24 c:/program files (x86)/atollic/truestudio for stm32 9.3.0/armtools/bin/../lib/gcc/arm-atollic-eabi/6.3.1/armv7e-m/fpu\libgcc.a(_arm_fixdfsi.o)
 .debug_frame   0x00002918       0x24 c:/program files (x86)/atollic/truestudio for stm32 9.3.0/armtools/bin/../lib/gcc/arm-atollic-eabi/6.3.1/armv7e-m/fpu\libgcc.a(_arm_fixunsdfsi.o)
 .debug_frame   0x0000293c       0x2c c:/program files (x86)/atollic/truestudio for stm32 9.3.0/armtools/bin/../lib/gcc/arm-atollic-eabi/6.3.1/armv7e-m/fpu\libgcc.a(_aeabi_uldivmod.o)
 .debug_frame   0x00002968       0x34 c:/program files (x86)/atollic/truestudio for stm32 9.3.0/armtools/bin/../lib/gcc/arm-atollic-eabi/6.3.1/armv7e-m/fpu\libgcc.a(_udivmoddi4.o)
